
> ms-electronics@1.0.0 build
> next build

   Γû▓ Next.js 15.5.19
   - Environments: .env.local

   Creating an optimized production build ...
 Γ£ô Compiled successfully in 26.0s
   Linting and checking validity of types ...
node.exe : 
At line:1 char:1
+ & "C:\Program Files\nodejs/node.exe" "C:\Users\choha\AppData\Roaming\ ...
+ ~~~~~~~~~~~~~~~~~~~~~~~~~~~~~~~~~~~~~~~~~~~~~~~~~~~~~~~~~~~~~~~~~~~~~
    + CategoryInfo          : NotSpecified: (:String) [], RemoteException
    + FullyQualifiedErrorId : NativeCommandError
 
 ΓÜá The Next.js plugin was not detected in your ESLint configuration. See http
s://nextjs.org/docs/app/api-reference/config/eslint#migrating-existing-config
 Γ¿» ESLint: Config (unnamed): Key "plugins": This appears to be in eslintrc 
format (array of strings) rather than flat config format (object).
   Collecting page data ...
   Generating static pages (0/19) ...
   Generating static pages (4/19) 
   Generating static pages (9/19) 
   Generating static pages (14/19) 
 Γ£ô Generating static pages (19/19)
   Finalizing page optimization ...
   Collecting build traces ...

Route (app)                                 Size  First Load JS  Revalidate  Expire
Γöî Γùï /                                    2.72 kB         259 kB          1h      1y
Γö£ Γùï /_not-found                            993 B         103 kB
Γö£ Γùï /about                                 133 B         103 kB
Γö£ Γùï /admin                               1.47 kB         174 kB          1h      1y
Γö£ Γùï /admin/brands                        1.47 kB         174 kB          1h      1y
Γö£ Γùï /admin/categories                    1.47 kB         174 kB          1h      1y
Γö£ Γùï /admin/login                         1.45 kB         170 kB
Γö£ Γùï /admin/products                      2.46 kB         175 kB          1h      1y
Γö£ ╞Æ /admin/products/[id]/edit            3.11 kB         220 kB
Γö£ Γùï /admin/products/new                  3.11 kB         220 kB
Γö£ Γùï /admin/settings                      2.21 kB         174 kB          1h      1y
Γö£ Γùï /brands                                165 B         106 kB          1h      1y
Γö£ Γùï /cart                                3.44 kB         176 kB          1h      1y
Γö£ Γùï /categories                            165 B         106 kB          1h      1y
Γö£ Γùï /contact                             1.79 kB         171 kB
Γö£ Γùï /robots.txt                            133 B         103 kB
Γö£ Γùï /shop                                14.4 kB         214 kB          1h      1y
Γö£ ╞Æ /shop/[id]                            2.9 kB         260 kB
Γöö Γùï /sitemap.xml                           133 B         103 kB          1h      1y
+ First Load JS shared by all             102 kB
  Γö£ chunks/255-98a0bdaa30757bda.js       46.2 kB
  Γö£ chunks/4bd1b696-c023c6e3521b1417.js  54.2 kB
  Γöö other shared chunks (total)             2 kB


Γùï  (Static)   prerendered as static content
╞Æ  (Dynamic)  server-rendered on demand

